// Vitest Snapshot v1, https://vitest.dev/guide/snapshot.html

exports[`postcss plugin > base utitlities output 1`] = `
".h-\\[10px\\] {
    height: 10px
}
.w-\\[20px\\] {
    width: 20px
}
.bg-\\[rgba\\(255\\2c 254\\2c 253\\2c \\.5\\)\\] {
    background-color: rgba(255,254,253,.5)
}"
`;
